127.0.0.1 - - [13/Aug/2019:00:08:15 +0900] "GET / HTTP/1.1" 200 11369
0:0:0:0:0:0:0:1 - - [13/Aug/2019:00:08:15 +0900] "GET /helloservlet/Hservlet HTTP/1.1" 200 -
127.0.0.1 - - [13/Aug/2019:00:13:38 +0900] "GET / HTTP/1.1" 200 11369
0:0:0:0:0:0:0:1 - - [13/Aug/2019:00:13:39 +0900] "GET /helloservlet/servlet/com.javalec.ex.Helloservlet HTTP/1.1" 404 1084
127.0.0.1 - - [13/Aug/2019:00:15:34 +0900] "GET / HTTP/1.1" 200 11369
0:0:0:0:0:0:0:1 - - [13/Aug/2019:00:15:34 +0900] "GET /helloservlet/servlet/com.javalec.ex.Helloservlet HTTP/1.1" 404 1084
127.0.0.1 - - [13/Aug/2019:00:16:06 +0900] "GET / HTTP/1.1" 200 11369
0:0:0:0:0:0:0:1 - - [13/Aug/2019:00:16:06 +0900] "GET /helloservlet/servlet/com.javalec.ex.Helloservlet HTTP/1.1" 404 1084
0:0:0:0:0:0:0:1 - - [13/Aug/2019:00:16:34 +0900] "GET /helloservlet//com.javalec.ex.Helloservlet HTTP/1.1" 404 1077
0:0:0:0:0:0:0:1 - - [13/Aug/2019:00:16:36 +0900] "GET /helloservlet/com.javalec.ex.Helloservlet HTTP/1.1" 404 1076
0:0:0:0:0:0:0:1 - - [13/Aug/2019:00:16:40 +0900] "GET /helloservlet/hs HTTP/1.1" 500 3407
127.0.0.1 - - [13/Aug/2019:00:17:47 +0900] "GET / HTTP/1.1" 200 11369
0:0:0:0:0:0:0:1 - - [13/Aug/2019:00:17:47 +0900] "GET /helloservlet/hs HTTP/1.1" 200 -
127.0.0.1 - - [13/Aug/2019:00:19:24 +0900] "GET / HTTP/1.1" 200 11369
0:0:0:0:0:0:0:1 - - [13/Aug/2019:00:19:24 +0900] "GET /helloservlet/Hservlet HTTP/1.1" 200 -
127.0.0.1 - - [13/Aug/2019:11:33:59 +0900] "GET / HTTP/1.1" 200 11369
127.0.0.1 - - [13/Aug/2019:11:34:09 +0900] "GET / HTTP/1.1" 200 11369
0:0:0:0:0:0:0:1 - - [13/Aug/2019:11:34:10 +0900] "GET /doGetExample/HW HTTP/1.1" 200 68
127.0.0.1 - - [13/Aug/2019:11:40:33 +0900] "GET / HTTP/1.1" 200 11369
0:0:0:0:0:0:0:1 - - [13/Aug/2019:11:40:33 +0900] "GET /doGetExample/PM HTTP/1.1" 200 24
0:0:0:0:0:0:0:1 - - [13/Aug/2019:11:40:48 +0900] "GET /doGetExample/post.html HTTP/1.1" 200 217
0:0:0:0:0:0:0:1 - - [13/Aug/2019:11:40:50 +0900] "POST /doGetExample/PostMethod HTTP/1.1" 404 1059
0:0:0:0:0:0:0:1 - - [13/Aug/2019:11:41:25 +0900] "GET /doGetExample/post.html HTTP/1.1" 200 209
0:0:0:0:0:0:0:1 - - [13/Aug/2019:11:41:26 +0900] "POST /doGetExample/PM HTTP/1.1" 200 111
127.0.0.1 - - [13/Aug/2019:11:55:24 +0900] "GET / HTTP/1.1" 200 11369
0:0:0:0:0:0:0:1 - - [13/Aug/2019:11:55:24 +0900] "GET /ex/LC HTTP/1.1" 200 -
0:0:0:0:0:0:0:1 - - [13/Aug/2019:11:55:34 +0900] "GET /ex/LC HTTP/1.1" 200 -
0:0:0:0:0:0:0:1 - - [13/Aug/2019:11:55:34 +0900] "GET /ex/LC HTTP/1.1" 200 -
0:0:0:0:0:0:0:1 - - [13/Aug/2019:11:55:35 +0900] "GET /ex/LC HTTP/1.1" 200 -
0:0:0:0:0:0:0:1 - - [13/Aug/2019:11:55:35 +0900] "GET /ex/LC HTTP/1.1" 200 -
0:0:0:0:0:0:0:1 - - [13/Aug/2019:11:55:35 +0900] "GET /ex/LC HTTP/1.1" 200 -
127.0.0.1 - - [13/Aug/2019:12:00:23 +0900] "GET / HTTP/1.1" 200 11369
0:0:0:0:0:0:0:1 - - [13/Aug/2019:12:00:24 +0900] "GET /ex/LC HTTP/1.1" 200 -
0:0:0:0:0:0:0:1 - - [13/Aug/2019:12:00:30 +0900] "GET /ex/LC HTTP/1.1" 200 -
0:0:0:0:0:0:0:1 - - [13/Aug/2019:12:00:30 +0900] "GET /ex/LC HTTP/1.1" 200 -
0:0:0:0:0:0:0:1 - - [13/Aug/2019:12:00:30 +0900] "GET /ex/LC HTTP/1.1" 200 -
0:0:0:0:0:0:0:1 - - [13/Aug/2019:12:00:31 +0900] "GET /ex/LC HTTP/1.1" 200 -
0:0:0:0:0:0:0:1 - - [13/Aug/2019:12:00:31 +0900] "GET /ex/LC HTTP/1.1" 200 -
0:0:0:0:0:0:0:1 - - [13/Aug/2019:12:00:31 +0900] "GET /ex/LC HTTP/1.1" 200 -
127.0.0.1 - - [13/Aug/2019:12:24:36 +0900] "GET / HTTP/1.1" 200 11369
127.0.0.1 - - [13/Aug/2019:12:24:48 +0900] "GET / HTTP/1.1" 200 11369
0:0:0:0:0:0:0:1 - - [13/Aug/2019:12:24:48 +0900] "GET /ex7/formex.html HTTP/1.1" 200 1175
0:0:0:0:0:0:0:1 - - [13/Aug/2019:12:24:57 +0900] "POST /ex7/FormEx HTTP/1.1" 404 1046
127.0.0.1 - - [13/Aug/2019:12:37:49 +0900] "GET / HTTP/1.1" 200 11369
0:0:0:0:0:0:0:1 - - [13/Aug/2019:12:37:50 +0900] "GET /ex7/FormEx HTTP/1.1" 200 15
0:0:0:0:0:0:0:1 - - [13/Aug/2019:12:38:10 +0900] "GET /ex7/formex.html HTTP/1.1" 304 -
0:0:0:0:0:0:0:1 - - [13/Aug/2019:12:38:19 +0900] "POST /ex7/FormEx HTTP/1.1" 200 157
127.0.0.1 - - [13/Aug/2019:23:10:10 +0900] "GET / HTTP/1.1" 200 11369
0:0:0:0:0:0:0:1 - - [13/Aug/2019:23:10:10 +0900] "GET /ex8/servlet/com.javalec.ex.initParam HTTP/1.1" 404 1072
127.0.0.1 - - [13/Aug/2019:23:10:51 +0900] "GET / HTTP/1.1" 200 11369
0:0:0:0:0:0:0:1 - - [13/Aug/2019:23:10:51 +0900] "GET /ex8/IP HTTP/1.1" 200 15
127.0.0.1 - - [13/Aug/2019:23:13:30 +0900] "GET / HTTP/1.1" 200 11369
0:0:0:0:0:0:0:1 - - [13/Aug/2019:23:13:31 +0900] "GET /ex8/IP HTTP/1.1" 200 -
127.0.0.1 - - [13/Aug/2019:23:42:19 +0900] "GET / HTTP/1.1" 200 11369
0:0:0:0:0:0:0:1 - - [13/Aug/2019:23:42:25 +0900] "GET /ex8/initParam HTTP/1.1" 200 -
127.0.0.1 - - [13/Aug/2019:23:47:14 +0900] "GET / HTTP/1.1" 200 11369
0:0:0:0:0:0:0:1 - - [13/Aug/2019:23:47:14 +0900] "GET /ex8/initParam HTTP/1.1" 200 -
